src/llm/openai.ts(136,51): error TS7006: Parameter 'tc' implicitly has an 'any' type.
src/llm/openai.ts(147,44): error TS7006: Parameter 'img' implicitly has an 'any' type.
src/llm/openai.ts(270,51): error TS7006: Parameter 'tc' implicitly has an 'any' type.
